Sampling usage every 5.0s (namespaces=['grove-system', 'kai-scheduler', 
'kube-system', 'pyroscope'], server=k3d-shared-e2e-test-cluster-server-0, 
out=/root/go/src/github.com/ai-dynamo/grove/operator/diag/scale-flat-1x-pcs1-202
60916-163138)
Press Ctrl-C to stop and print a summary.
kubectl top pods -n grove-system failed: b'error: metrics not available yet\n'
kubectl top pods -n grove-system failed: b'error: metrics not available yet\n'
kubectl top pods -n grove-system failed: b'Error from server 
(ServiceUnavailable): the server is currently unable to handle the request (get 
pods.metrics.k8s.io)
                 Resource usage summary (per-namespace totals)                  
┏━━━━━━━━━━━━━┳━━━━━━━━━┳━━━━━━━━━━━━━┳━━━━━━━━━━━━━┳━━━━━━━━━━━━━┳━━━━━━━━━━━━┓
┃             ┃         ┃    CPU mean ┃             ┃    Mem mean ┃    Mem max ┃
┃ Namespace   ┃ Samples ┃         (m) ┃ CPU max (m) ┃       (MiB) ┃      (MiB) ┃
┡━━━━━━━━━━━━━╇━━━━━━━━━╇━━━━━━━━━━━━━╇━━━━━━━━━━━━━╇━━━━━━━━━━━━━╇━━━━━━━━━━━━┩
│ grove-syst… │      71 │         350 │         760 │         188 │        271 │
│ kai-schedu… │      71 │          87 │         180 │         333 │        489 │
│ kube-system │      71 │         132 │         300 │         172 │        208 │
│ pyroscope   │      71 │          47 │          89 │         190 │        258 │
└─────────────┴─────────┴─────────────┴─────────────┴─────────────┴────────────┘
